

*******************************************************************************
Mon May 18 14:05:12 2026


FIT:    data read from "out.times.data" using 1:2
        format = x:z
        #datapoints = 21
        residuals are weighted equally (unit weight)

function used for fitting: f(x)
	f(x) = a*x**3
fitted parameters initialized with current variable values

iter      chisq       delta/lim  lambda   a            
   0 6.3928091443e+16   0.00e+00  5.52e+07    1.000000e+00
   5 2.2552538703e-04  -6.85e-10  5.52e+02    3.107876e-09

After 5 iterations the fit converged.
final sum of squares of residuals : 0.000225525
rel. change during last iteration : -6.85062e-15

degrees of freedom    (FIT_NDF)                        : 20
rms of residuals      (FIT_STDFIT) = sqrt(WSSR/ndf)    : 0.00335802
variance of residuals (reduced chisquare) = WSSR/ndf   : 1.12763e-05

Final set of parameters            Asymptotic Standard Error
=======================            ==========================
a               = 3.10788e-09      +/- 1.328e-11    (0.4273%)
