

*******************************************************************************
Wed Jun 24 22:17:11 2026


FIT:    data read from "out.times" using 1:2
        format = x:z
        #datapoints = 8
        residuals are weighted equally (unit weight)

function used for fitting: f(x)
	f(x) = a + b/x
fitted parameters initialized with current variable values

iter      chisq       delta/lim  lambda   a             b            
   0 1.4654718617e+02   0.00e+00  3.17e+00    1.000000e+00   1.000000e+01
   4 4.8435999499e-03  -1.36e-03  3.17e-04    2.549346e-01   1.589680e+00

After 4 iterations the fit converged.
final sum of squares of residuals : 0.0048436
rel. change during last iteration : -1.36498e-08

degrees of freedom    (FIT_NDF)                        : 6
rms of residuals      (FIT_STDFIT) = sqrt(WSSR/ndf)    : 0.0284124
variance of residuals (reduced chisquare) = WSSR/ndf   : 0.000807267

Final set of parameters            Asymptotic Standard Error
=======================            ==========================
a               = 0.254935         +/- 0.01597      (6.266%)
b               = 1.58968          +/- 0.03656      (2.3%)

correlation matrix of the fit parameters:
                a      b      
a               1.000 
b              -0.778  1.000 
